<?xml version="1.0" encoding="utf-8"?><testsuites><testsuite name="pytest" errors="0" failures="0" skipped="0" tests="56" time="4.447" timestamp="2022-04-17T09:28:25.752150" hostname="adamarws2-front2"><testcase classname="src.apps.accounts.tests.test_api_permissions" name="test_is_not_authenticated_permission_false" time="0.526" /><testcase classname="src.apps.accounts.tests.test_api.test_login_api" name="test_login_api_success" time="0.063" /><testcase classname="src.apps.accounts.tests.test_api.test_login_api" name="test_login_api_wrong_credentials_failure" time="0.006" /><testcase classname="src.apps.accounts.tests.test_api.test_login_api" name="test_login_api_already_logged_in_failure" time="0.006" /><testcase classname="src.apps.accounts.tests.test_api.test_logout_api" name="test_logout_api_success" time="0.006" /><testcase classname="src.apps.accounts.tests.test_api.test_registration_api" name="test_registration_api_success" time="0.170" /><testcase classname="src.apps.accounts.tests.test_api.test_user_profile_api" name="test_user_profile_api_get_success" time="0.008" /><testcase classname="src.apps.accounts.tests.test_api.test_user_profile_api" name="test_user_profile_api_update_success" time="0.008" /><testcase classname="src.apps.accounts.tests.test_models.test_user_model" name="test_core_queryset_active" time="0.008" /><testcase classname="src.apps.accounts.tests.test_models.test_user_model" name="test_core_queryset_inactive" time="0.008" /><testcase classname="src.apps.accounts.tests.test_models.test_user_model" name="test_core_queryset_activate" time="0.010" /><testcase classname="src.apps.accounts.tests.test_models.test_user_model" name="test_core_queryset_deactivate" time="0.011" /><testcase classname="src.apps.accounts.tests.test_models.test_user_model" name="test_create_user_success" time="0.304" /><testcase classname="src.apps.accounts.tests.test_models.test_user_model" name="test_create_user_no_email_failure" time="0.004" /><testcase classname="src.apps.accounts.tests.test_models.test_user_model" name="test_create_superuser_success" time="0.308" /><testcase classname="src.apps.accounts.tests.test_models.test_user_model" name="test_create_superuser_no_email_failure" time="0.004" /><testcase classname="src.apps.accounts.tests.test_models.test_user_model" name="test_get_short_name[jane@example.com]" time="0.005" /><testcase classname="src.apps.accounts.tests.test_models.test_user_model" name="test_get_short_name[john@example.com]" time="0.006" /><testcase classname="src.apps.accounts.tests.test_models.test_user_model" name="test_get_full_name[Jane-Doe-jane@example.com-Jane Doe &lt;jane@example.com&gt;]" time="0.006" /><testcase classname="src.apps.accounts.tests.test_models.test_user_model" name="test_get_full_name[--jane@example.com-jane@example.com]" time="0.006" /><testcase classname="src.apps.accounts.tests.test_models.test_user_model" name="test_get_full_name[-Doe-jane@example.com-jane@example.com]" time="0.006" /><testcase classname="src.apps.accounts.tests.test_models.test_user_model" name="test_get_full_name[Jane--jane@example.com-jane@example.com]" time="0.006" /><testcase classname="src.apps.accounts.tests.test_models.test_user_model" name="test_notification_salutation[Jane-Doe-Jane Doe]" time="0.004" /><testcase classname="src.apps.accounts.tests.test_models.test_user_model" name="test_notification_salutation[--Dear client]" time="0.003" /><testcase classname="src.apps.accounts.tests.test_selectors.test_get_users_selector" name="test_get_all_user_selector" time="0.007" /><testcase classname="src.apps.accounts.tests.test_serializers.test_change_password_serializer" name="test_validate_old_password_success" time="0.158" /><testcase classname="src.apps.accounts.tests.test_serializers.test_change_password_serializer" name="test_validate_new_password_success" time="0.156" /><testcase classname="src.apps.accounts.tests.test_serializers.test_change_password_serializer" name="test_validate_old_password_failure" time="0.155" /><testcase classname="src.apps.accounts.tests.test_serializers.test_change_password_serializer" name="test_validate_new_password_failure" time="0.156" /><testcase classname="src.apps.accounts.tests.test_serializers.test_change_password_serializer" name="test_save" time="0.005" /><testcase classname="src.apps.accounts.tests.test_serializers.test_login_serializer" name="test_login_serializer_validate_success" time="0.303" /><testcase classname="src.apps.accounts.tests.test_serializers.test_login_serializer" name="test_login_serializer_validate_failure" time="0.319" /><testcase classname="src.apps.accounts.tests.test_serializers.test_registration_serializer" name="test_registration_serializer_validate_email_success" time="0.005" /><testcase classname="src.apps.accounts.tests.test_serializers.test_registration_serializer" name="test_registration_serializer_validate_email_failure" time="0.005" /><testcase classname="src.apps.accounts.tests.test_serializers.test_registration_serializer" name="test_registration_serializer_save_success" time="0.319" /><testcase classname="src.apps.accounts.tests.test_services.test_login_service" name="test_login_service_login" time="0.006" /><testcase classname="src.apps.accounts.tests.test_services.test_login_service" name="test_login_service_logout" time="0.005" /><testcase classname="src.apps.accounts.tests.test_services.test_password_service" name="test_change_password" time="0.619" /><testcase classname="src.apps.accounts.tests.test_services.test_password_service" name="test_check_password" time="0.311" /><testcase classname="src.apps.accounts.tests.test_services.test_password_service" name="test_generate_reset_password_signature" time="0.004" /><testcase classname="src.apps.accounts.tests.test_services.test_password_service" name="test_reset_password_success" time="0.006" /><testcase classname="src.apps.accounts.tests.test_services.test_password_service" name="test_reset_password_signature_failure[SignatureExpired]" time="0.004" /><testcase classname="src.apps.accounts.tests.test_services.test_password_service" name="test_reset_password_signature_failure[BadSignature]" time="0.004" /><testcase classname="src.apps.accounts.tests.test_services.test_password_service" name="test_reset_password_user_failure" time="0.005" /><testcase classname="src.apps.accounts.tests.test_services.test_password_service" name="test_send_reset_password_link_success" time="0.008" /><testcase classname="src.apps.accounts.tests.test_services.test_password_service" name="test_send_reset_password_link_failure" time="0.005" /><testcase classname="src.apps.accounts.tests.test_api_permissions" name="test_is_not_authenticated_permission_true" time="0.002" /><testcase classname="src.apps.accounts.tests.test_serializers.test_confirm_reset_password_serializer" name="test_validate_password_success" time="0.002" /><testcase classname="src.apps.accounts.tests.test_serializers.test_confirm_reset_password_serializer" name="test_validate_password_failure" time="0.002" /><testcase classname="src.apps.accounts.tests.test_serializers.test_confirm_reset_password_serializer" name="test_save_success" time="0.003" /><testcase classname="src.apps.accounts.tests.test_serializers.test_confirm_reset_password_serializer" name="test_save_failure" time="0.003" /><testcase classname="src.apps.accounts.tests.test_serializers.test_registration_serializer" name="test_registration_serializer_validate_success" time="0.001" /><testcase classname="src.apps.accounts.tests.test_serializers.test_registration_serializer" name="test_registration_serializer_validate_password_success" time="0.002" /><testcase classname="src.apps.accounts.tests.test_serializers.test_registration_serializer" name="test_registration_serializer_validate_password_failure" time="0.002" /><testcase classname="src.apps.accounts.tests.test_serializers.test_reset_password_serializer" name="test_save" time="0.002" /><testcase classname="src.apps.accounts.tests.test_services.test_password_service" name="test_validate_password" time="0.046" /></testsuite></testsuites>